// Jest Snapshot v1, https://goo.gl/fbAQLP

exports[`Game should initialize the game 1`] = `null`;
